=== VLSMC Bare-Metal Build Script ===
[1/5] Assembling bootloader (Stage 1 + Stage 2)...
[2/5] Assembling kernel entry and interrupts...
[3/5] Compiling C++ kernel sources...
wsl : kernel/src/vmm.cpp: In static member function тАШstati
c bool re36::VMM::handle_page_fault(uint32_t, uint32_t)тАЩ:
строка:1 знак:1
+ wsl bash -c "cd /mnt/y/DEV/VLSMC && bash ./build.sh" > bui
ld_output.l ...
+ ~~~~~~~~~~~~~~~~~~~~~~~~~~~~~~~~~~~~~~~~~~~~~~~~~~~~~~~~~~
~~~~~~~~~~~
    + CategoryInfo          : NotSpecified: (kernel/    src/
vmm...., uint32_t)тАЩ::String) [], RemoteExc    eption
    + FullyQualifiedErrorId : NativeCommandError
 
kernel/src/vmm.cpp:213:14: warning: unused variable тАШpd_in
dexтАЩ [-Wunused-variable]
  213 |     uint32_t pd_index = fault_addr >> 22;
      |              ^~~~~~~~
kernel/src/vmm.cpp:214:14: warning: unused variable тАШpt_in
dexтАЩ [-Wunused-variable]
  214 |     uint32_t pt_index = (fault_addr >> 12) & 0x3FF;
      |              ^~~~~~~~
kernel/src/fat16.cpp: In static member function тАШstatic in
t re36::Fat16::fat16_create(re36::vnode*, const char*, int, 
re36::vnode**)тАЩ:
kernel/src/fat16.cpp:787:59: warning: unused parameter тАШmo
deтАЩ [-Wunused-parameter]
  787 | int Fat16::fat16_create(vnode* dir, const char* name
, int mode, vnode** out) {
      |                                                     
  ~~~~^~~~
kernel/src/shell.cpp:31:12: warning: тАШre36::cursor_xтАЩ de
fined but not used [-Wunused-variable]
   31 | static int cursor_x = 0;
      |            ^~~~~~~~
[4/5] Linking kernel...
x86_64-linux-gnu-ld: warning: switch_task.o: missing .note.G
NU-stack section implies executable stack
x86_64-linux-gnu-ld: NOTE: This behaviour is deprecated and 
will be removed in a future version of the linker
[5/5] Building Disk Images...
mkfs.fat 4.2 (2021-01-31)
--- Boot disk ---
 Volume in drive : has no label
 Volume Serial Number is 814A-0E3F
Directory for ::/

STAGE2   BIN      1181 2026-02-28  22:46 
KERNEL   BIN    127576 2026-02-28  22:46 
        2 files             128 757 bytes
                          1 328 128 bytes free

=== Building Data Disk (FAT16) ===
mkfs.fat 4.2 (2021-01-31)
=== Building Libc ===
=== Building User Programs ===
x86_64-linux-gnu-ld: warning: user_crt0.o: missing .note.GNU
-stack section implies executable stack
x86_64-linux-gnu-ld: NOTE: This behaviour is deprecated and 
will be removed in a future version of the linker
x86_64-linux-gnu-ld: warning: user_crt0.o: missing .note.GNU
-stack section implies executable stack
x86_64-linux-gnu-ld: NOTE: This behaviour is deprecated and 
will be removed in a future version of the linker
x86_64-linux-gnu-ld: warning: user_crt0.o: missing .note.GNU
-stack section implies executable stack
x86_64-linux-gnu-ld: NOTE: This behaviour is deprecated and 
will be removed in a future version of the linker
x86_64-linux-gnu-ld: warning: user_crt0.o: missing .note.GNU
-stack section implies executable stack
x86_64-linux-gnu-ld: NOTE: This behaviour is deprecated and 
will be removed in a future version of the linker
x86_64-linux-gnu-ld: warning: user_crt0.o: missing .note.GNU
-stack section implies executable stack
x86_64-linux-gnu-ld: NOTE: This behaviour is deprecated and 
will be removed in a future version of the linker
x86_64-linux-gnu-ld: warning: user_crt0.o: missing .note.GNU
-stack section implies executable stack
x86_64-linux-gnu-ld: NOTE: This behaviour is deprecated and 
will be removed in a future version of the linker
x86_64-linux-gnu-ld: warning: user_crt0.o: missing .note.GNU
-stack section implies executable stack
x86_64-linux-gnu-ld: NOTE: This behaviour is deprecated and 
will be removed in a future version of the linker
x86_64-linux-gnu-ld: warning: user_crt0.o: missing .note.GNU
-stack section implies executable stack
x86_64-linux-gnu-ld: NOTE: This behaviour is deprecated and 
will be removed in a future version of the linker
x86_64-linux-gnu-ld: warning: user_crt0.o: missing .note.GNU
-stack section implies executable stack
x86_64-linux-gnu-ld: NOTE: This behaviour is deprecated and 
will be removed in a future version of the linker
x86_64-linux-gnu-ld: warning: user_crt0.o: missing .note.GNU
-stack section implies executable stack
x86_64-linux-gnu-ld: NOTE: This behaviour is deprecated and 
will be removed in a future version of the linker
x86_64-linux-gnu-ld: warning: user_crt0.o: missing .note.GNU
-stack section implies executable stack
x86_64-linux-gnu-ld: NOTE: This behaviour is deprecated and 
will be removed in a future version of the linker
x86_64-linux-gnu-ld: warning: user_crt0.o: missing .note.GNU
-stack section implies executable stack
x86_64-linux-gnu-ld: NOTE: This behaviour is deprecated and 
will be removed in a future version of the linker
x86_64-linux-gnu-ld: warning: user_crt0.o: missing .note.GNU
-stack section implies executable stack
x86_64-linux-gnu-ld: NOTE: This behaviour is deprecated and 
will be removed in a future version of the linker
x86_64-linux-gnu-ld: warning: user_crt0.o: missing .note.GNU
-stack section implies executable stack
x86_64-linux-gnu-ld: NOTE: This behaviour is deprecated and 
will be removed in a future version of the linker
x86_64-linux-gnu-ld: warning: user_crt0.o: missing .note.GNU
-stack section implies executable stack
x86_64-linux-gnu-ld: NOTE: This behaviour is deprecated and 
will be removed in a future version of the linker
x86_64-linux-gnu-ld: warning: user_crt0.o: missing .note.GNU
-stack section implies executable stack
x86_64-linux-gnu-ld: NOTE: This behaviour is deprecated and 
will be removed in a future version of the linker
x86_64-linux-gnu-ld: warning: user_crt0.o: missing .note.GNU
-stack section implies executable stack
x86_64-linux-gnu-ld: NOTE: This behaviour is deprecated and 
will be removed in a future version of the linker
x86_64-linux-gnu-ld: warning: ldso_entry.o: missing .note.GN
U-stack section implies executable stack
x86_64-linux-gnu-ld: NOTE: This behaviour is deprecated and 
will be removed in a future version of the linker
x86_64-linux-gnu-ld: warning: LIBTEST.SO has a LOAD segment 
with RWX permissions
x86_64-linux-gnu-ld: warning: user_crt0.o: missing .note.GNU
-stack section implies executable stack
x86_64-linux-gnu-ld: NOTE: This behaviour is deprecated and 
will be removed in a future version of the linker
=== Building ISO Image ===
I: -input-charset not specified, using utf-8 (detected in lo
cale settings)
Size of boot image is 2880 sectors -> Emulating a 1440 kB fl
oppy
 55.07% done, estimate finish Sat Feb 28 22:46:57 2026
Total translation table size: 2048
Total rockridge attributes bytes: 413
Total directory bytes: 0
Path table size(bytes): 10
Max brk space used 0
9095 extents written (17 MB)

DONE! To run:
qemu-system-i386 -fda disk.img -hda data.img -boot a
